// Jest Snapshot v1, https://goo.gl/fbAQLP

exports[`ManualBackupPhrase should render correctly 1`] = `
<Connect(ManualBackupPhrase)
  route={
    Object {
      "params": Object {
        "words": Array [
          "abstract",
          "accident",
          "acoustic",
          "announce",
          "artefact",
          "attitude",
          "bachelor",
          "broccoli",
          "business",
          "category",
          "champion",
          "cinnamon",
        ],
      },
    }
  }
/>
`;
